
> monetraq@0.0.0 build
> vite build

[36mvite v7.3.1 [32mbuilding client environment for production...[36m[39m
transforming...
[32mΓ£ô[39m 2446 modules transformed.
node.exe : 
[31mΓ£ù[39m Build 
failed in 14.54s
At C:\Program Files\no
dejs\npm.ps1:29 char:3
+   & $NODE_EXE 
$NPM_CLI_JS $args
+   ~~~~~~~~~~~~~~~~~~
~~~~~~~~~~~
    + CategoryInfo    
          : NotSpeci  
  fied: ([31mΓ£ù[   
 39m Build failed     
in 14.54s:String)     
[], RemoteExcept    
ion
    + FullyQualifiedE 
   rrorId : NativeCo  
  mmandError
 
[31merror during 
build:
[31msrc/components/tr
ansactions/Transaction
Form.jsx (5:9): 
"getAvailableIncomes" 
is not exported by "sr
c/api/transactions.js"
, imported by "src/com
ponents/transactions/T
ransactionForm.jsx".[
31m
file: 
[36mC:/Users/Ediomo 
Emma Effiong/Documents
/FifthLab/Projects/Tra
sexp/Frontend/src/comp
onents/transactions/Tr
ansactionForm.jsx:5:9
[31m
[33m
3: import { 
getCurrencySymbol, 
formatCurrency } from 
'../../utils/currency'
;
4: import { 
useAccount } from '../
../context/AccountCont
ext';
5: import { 
getAvailableIncomes } 
from '../../api/transa
ctions';
            ^
6: 
7: const 
TransactionForm = ({ 
onSubmit, disabled = 
false, initialData = 
null }) => {
[31m
    at getRollupError 
(file:///C:/Users/Edio
mo%20Emma%20Effiong/Do
cuments/FifthLab/Proje
cts/Trasexp/Frontend/n
ode_modules/rollup/dis
t/es/shared/parseAst.j
s:401:41)
    at error (file:///
C:/Users/Ediomo%20Emma
%20Effiong/Documents/F
ifthLab/Projects/Trase
xp/Frontend/node_modul
es/rollup/dist/es/shar
ed/parseAst.js:397:42)
    at Module.error (f
ile:///C:/Users/Ediomo
%20Emma%20Effiong/Docu
ments/FifthLab/Project
s/Trasexp/Frontend/nod
e_modules/rollup/dist/
es/shared/node-entry.j
s:17022:16)
    at 
Module.traceVariable (
file:///C:/Users/Ediom
o%20Emma%20Effiong/Doc
uments/FifthLab/Projec
ts/Trasexp/Frontend/no
de_modules/rollup/dist
/es/shared/node-entry.
js:17478:29)
    at ModuleScope.fin
dVariable (file:///C:/
Users/Ediomo%20Emma%20
Effiong/Documents/Fift
hLab/Projects/Trasexp/
Frontend/node_modules/
rollup/dist/es/shared/
node-entry.js:15141:39
)
    at ReturnValueScop
e.findVariable (file:/
//C:/Users/Ediomo%20Em
ma%20Effiong/Documents
/FifthLab/Projects/Tra
sexp/Frontend/node_mod
ules/rollup/dist/es/sh
ared/node-entry.js:568
8:38)
    at FunctionBodySco
pe.findVariable (file:
///C:/Users/Ediomo%20E
mma%20Effiong/Document
s/FifthLab/Projects/Tr
asexp/Frontend/node_mo
dules/rollup/dist/es/s
hared/node-entry.js:56
88:38)
    at ReturnValueScop
e.findVariable (file:/
//C:/Users/Ediomo%20Em
ma%20Effiong/Documents
/FifthLab/Projects/Tra
sexp/Frontend/node_mod
ules/rollup/dist/es/sh
ared/node-entry.js:568
8:38)
    at FunctionBodySco
pe.findVariable (file:
///C:/Users/Ediomo%20E
mma%20Effiong/Document
s/FifthLab/Projects/Tr
asexp/Frontend/node_mo
dules/rollup/dist/es/s
hared/node-entry.js:56
88:38)
    at ReturnValueScop
e.findVariable (file:/
//C:/Users/Ediomo%20Em
ma%20Effiong/Documents
/FifthLab/Projects/Tra
sexp/Frontend/node_mod
ules/rollup/dist/es/sh
ared/node-entry.js:568
8:38)[39m
